Master setup
~~~~~~~~~~~~

root@master:~# apt-get update
Hit:1 http://us-central1.gce.archive.ubuntu.com/ubuntu focal InRelease
Get:2 http://us-central1.gce.archive.ubuntu.com/ubuntu focal-updates InRelease [114 kB]
Get:3 http://us-central1.gce.archive.ubuntu.com/ubuntu focal-backports InRelease [108 kB]
Get:4 http://us-central1.gce.archive.ubuntu.com/ubuntu focal/universe amd64 Packages [8628 kB]
Get:5 http://security.ubuntu.com/ubuntu focal-security InRelease [114 kB]
Get:6 http://us-central1.gce.archive.ubuntu.com/ubuntu focal/universe Translation-en [5124 kB]
Get:7 http://us-central1.gce.archive.ubuntu.com/ubuntu focal/universe amd64 c-n-f Metadata [265 kB]
Get:8 http://us-central1.gce.archive.ubuntu.com/ubuntu focal/multiverse amd64 Packages [144 kB] 
Get:9 http://us-central1.gce.archive.ubuntu.com/ubuntu focal/multiverse Translation-en [104 kB]
Get:10 http://us-central1.gce.archive.ubuntu.com/ubuntu focal/multiverse amd64 c-n-f Metadata [9136 B]
Get:11 http://us-central1.gce.archive.ubuntu.com/ubuntu focal-updates/main amd64 Packages [2335 kB]
Get:12 http://us-central1.gce.archive.ubuntu.com/ubuntu focal-updates/main Translation-en [403 kB]
Get:13 http://us-central1.gce.archive.ubuntu.com/ubuntu focal-updates/main amd64 c-n-f Metadata [16.2 kB]
Get:14 http://us-central1.gce.archive.ubuntu.com/ubuntu focal-updates/restricted amd64 Packages [1564 kB]
Get:15 http://us-central1.gce.archive.ubuntu.com/ubuntu focal-updates/restricted Translation-en [220 kB]
Get:16 http://us-central1.gce.archive.ubuntu.com/ubuntu focal-updates/restricted amd64 c-n-f Metadata [620 B]
Get:17 http://us-central1.gce.archive.ubuntu.com/ubuntu focal-updates/universe amd64 Packages [1016 kB]
Get:18 http://us-central1.gce.archive.ubuntu.com/ubuntu focal-updates/universe Translation-en [236 kB]
Get:19 http://us-central1.gce.archive.ubuntu.com/ubuntu focal-updates/universe amd64 c-n-f Metadata [23.2 kB]
Get:20 http://us-central1.gce.archive.ubuntu.com/ubuntu focal-updates/multiverse amd64 Packages [25.2 kB]
Get:21 http://us-central1.gce.archive.ubuntu.com/ubuntu focal-updates/multiverse Translation-en [7408 B]
Get:22 http://us-central1.gce.archive.ubuntu.com/ubuntu focal-updates/multiverse amd64 c-n-f Metadata [604 B]
Get:23 http://us-central1.gce.archive.ubuntu.com/ubuntu focal-backports/main amd64 Packages [45.7 kB]
Get:24 http://us-central1.gce.archive.ubuntu.com/ubuntu focal-backports/main Translation-en [16.3 kB]
Get:25 http://us-central1.gce.archive.ubuntu.com/ubuntu focal-backports/main amd64 c-n-f Metadata [1420 B]
Get:26 http://us-central1.gce.archive.ubuntu.com/ubuntu focal-backports/restricted amd64 c-n-f Metadata [116 B]
Get:27 http://us-central1.gce.archive.ubuntu.com/ubuntu focal-backports/universe amd64 Packages [24.9 kB]
Get:28 http://us-central1.gce.archive.ubuntu.com/ubuntu focal-backports/universe Translation-en [16.3 kB]
Get:29 http://us-central1.gce.archive.ubuntu.com/ubuntu focal-backports/universe amd64 c-n-f Metadata [880 B]
Get:30 http://us-central1.gce.archive.ubuntu.com/ubuntu focal-backports/multiverse amd64 c-n-f Metadata [116 B]
Get:31 http://security.ubuntu.com/ubuntu focal-security/main amd64 Packages [1959 kB]
Get:32 http://security.ubuntu.com/ubuntu focal-security/main Translation-en [319 kB]
Get:33 http://security.ubuntu.com/ubuntu focal-security/main amd64 c-n-f Metadata [11.6 kB]
Get:34 http://security.ubuntu.com/ubuntu focal-security/restricted amd64 Packages [1463 kB]
Get:35 http://security.ubuntu.com/ubuntu focal-security/restricted Translation-en [207 kB]
Get:36 http://security.ubuntu.com/ubuntu focal-security/restricted amd64 c-n-f Metadata [624 B]
Get:37 http://security.ubuntu.com/ubuntu focal-security/universe amd64 Packages [785 kB]
Get:38 http://security.ubuntu.com/ubuntu focal-security/universe Translation-en [152 kB]
Get:39 http://security.ubuntu.com/ubuntu focal-security/universe amd64 c-n-f Metadata [16.9 kB]
Get:40 http://security.ubuntu.com/ubuntu focal-security/multiverse amd64 Packages [22.2 kB]
Get:41 http://security.ubuntu.com/ubuntu focal-security/multiverse Translation-en [5464 B]
Get:42 http://security.ubuntu.com/ubuntu focal-security/multiverse amd64 c-n-f Metadata [516 B]
Fetched 25.5 MB in 4s (5814 kB/s)               
Reading package lists... Done
root@master:~# apt install docker.io -y 
Reading package lists... Done
Building dependency tree       
Reading state information... Done
The following packages were automatically installed and are no longer required:
  libatasmart4 libblockdev-fs2 libblockdev-loop2 libblockdev-part-err2 libblockdev-part2 libblockdev-swap2
  libblockdev-utils2 libblockdev2 libmbim-glib4 libmbim-proxy libmm-glib0 libnspr4 libnss3 libnuma1 libparted-fs-resize0
  libqmi-glib5 libqmi-proxy libudisks2-0 libxmlb2 usb-modeswitch usb-modeswitch-data
Use 'apt autoremove' to remove them.
The following additional packages will be installed:
  bridge-utils containerd dns-root-data dnsmasq-base libidn11 pigz runc ubuntu-fan
Suggested packages:
  ifupdown aufs-tools cgroupfs-mount | cgroup-lite debootstrap docker-doc rinse zfs-fuse | zfsutils
The following NEW packages will be installed:
  bridge-utils containerd dns-root-data dnsmasq-base docker.io libidn11 pigz runc ubuntu-fan
0 upgraded, 9 newly installed, 0 to remove and 7 not upgraded.
Need to get 69.2 MB of archives.
After this operation, 334 MB of additional disk space will be used.
Get:1 http://us-central1.gce.archive.ubuntu.com/ubuntu focal/universe amd64 pigz amd64 2.4-1 [57.4 kB]
Get:2 http://us-central1.gce.archive.ubuntu.com/ubuntu focal/main amd64 bridge-utils amd64 1.6-2ubuntu1 [30.5 kB]
Get:3 http://us-central1.gce.archive.ubuntu.com/ubuntu focal-updates/main amd64 runc amd64 1.1.0-0ubuntu1~20.04.2 [3894 kB]
Get:4 http://us-central1.gce.archive.ubuntu.com/ubuntu focal-updates/main amd64 containerd amd64 1.5.9-0ubuntu1~20.04.6 [33.0 MB]
Get:5 http://us-central1.gce.archive.ubuntu.com/ubuntu focal/main amd64 dns-root-data all 2019052802 [5300 B]
Get:6 http://us-central1.gce.archive.ubuntu.com/ubuntu focal/main amd64 libidn11 amd64 1.33-2.2ubuntu2 [46.2 kB]
Get:7 http://us-central1.gce.archive.ubuntu.com/ubuntu focal-updates/main amd64 dnsmasq-base amd64 2.80-1.1ubuntu1.6 [315 kB]
Get:8 http://us-central1.gce.archive.ubuntu.com/ubuntu focal-updates/universe amd64 docker.io amd64 20.10.12-0ubuntu2~20.04.1 [31.8 MB]
Get:9 http://us-central1.gce.archive.ubuntu.com/ubuntu focal-updates/main amd64 ubuntu-fan all 0.12.13ubuntu0.1 [34.4 kB]
Fetched 69.2 MB in 2s (27.9 MB/s)
Preconfiguring packages ...
Selecting previously unselected package pigz.
(Reading database ... 62091 files and directories currently installed.)
Preparing to unpack .../0-pigz_2.4-1_amd64.deb ...
Unpacking pigz (2.4-1) ...
Selecting previously unselected package bridge-utils.
Preparing to unpack .../1-bridge-utils_1.6-2ubuntu1_amd64.deb ...
Unpacking bridge-utils (1.6-2ubuntu1) ...
Selecting previously unselected package runc.
Preparing to unpack .../2-runc_1.1.0-0ubuntu1~20.04.2_amd64.deb ...
Unpacking runc (1.1.0-0ubuntu1~20.04.2) ...
Selecting previously unselected package containerd.
Preparing to unpack .../3-containerd_1.5.9-0ubuntu1~20.04.6_amd64.deb ...
Unpacking containerd (1.5.9-0ubuntu1~20.04.6) ...
Selecting previously unselected package dns-root-data.
Preparing to unpack .../4-dns-root-data_2019052802_all.deb ...
Unpacking dns-root-data (2019052802) ...
Selecting previously unselected package libidn11:amd64.
Preparing to unpack .../5-libidn11_1.33-2.2ubuntu2_amd64.deb ...
Unpacking libidn11:amd64 (1.33-2.2ubuntu2) ...
Selecting previously unselected package dnsmasq-base.
Preparing to unpack .../6-dnsmasq-base_2.80-1.1ubuntu1.6_amd64.deb ...
Unpacking dnsmasq-base (2.80-1.1ubuntu1.6) ...
Selecting previously unselected package docker.io.
Preparing to unpack .../7-docker.io_20.10.12-0ubuntu2~20.04.1_amd64.deb ...
Unpacking docker.io (20.10.12-0ubuntu2~20.04.1) ...
Selecting previously unselected package ubuntu-fan.
Preparing to unpack .../8-ubuntu-fan_0.12.13ubuntu0.1_all.deb ...
Unpacking ubuntu-fan (0.12.13ubuntu0.1) ...
Setting up runc (1.1.0-0ubuntu1~20.04.2) ...
Setting up dns-root-data (2019052802) ...
Setting up libidn11:amd64 (1.33-2.2ubuntu2) ...
Setting up bridge-utils (1.6-2ubuntu1) ...
Setting up pigz (2.4-1) ...
Setting up containerd (1.5.9-0ubuntu1~20.04.6) ...
Created symlink /etc/systemd/system/multi-user.target.wants/containerd.service ? /lib/systemd/system/containerd.service.
Setting up docker.io (20.10.12-0ubuntu2~20.04.1) ...
Adding group `docker' (GID 121) ...
Done.
Created symlink /etc/systemd/system/multi-user.target.wants/docker.service ? /lib/systemd/system/docker.service.
Created symlink /etc/systemd/system/sockets.target.wants/docker.socket ? /lib/systemd/system/docker.socket.
Setting up dnsmasq-base (2.80-1.1ubuntu1.6) ...
Setting up ubuntu-fan (0.12.13ubuntu0.1) ...
Created symlink /etc/systemd/system/multi-user.target.wants/ubuntu-fan.service ? /lib/systemd/system/ubuntu-fan.service.
Processing triggers for systemd (245.4-4ubuntu3.19) ...
Processing triggers for man-db (2.9.1-1) ...
Processing triggers for dbus (1.12.16-2ubuntu2.3) ...
Processing triggers for libc-bin (2.31-0ubuntu9.9) ...
root@master:~# curl -s https://packages.cloud.google.com/apt/doc/apt-key.gpg | apt-key add -
OK
root@master:~# cd /etc/apt/sources.list.d/
root@master:/etc/apt/sources.list.d# cat > kubernetes.list
deb https://apt.kubernetes.io/ kubernetes-xenial main
root@master:/etc/apt/sources.list.d# cat  kubernetes.list
deb https://apt.kubernetes.io/ kubernetes-xenial main
root@master:/etc/apt/sources.list.d# 
root@master:/etc/apt/sources.list.d# apt update
Hit:1 http://us-central1.gce.archive.ubuntu.com/ubuntu focal InRelease
Hit:2 http://us-central1.gce.archive.ubuntu.com/ubuntu focal-updates InRelease                                
Hit:3 http://us-central1.gce.archive.ubuntu.com/ubuntu focal-backports InRelease                              
Get:4 https://packages.cloud.google.com/apt kubernetes-xenial InRelease [8993 B]                              
Hit:5 http://security.ubuntu.com/ubuntu focal-security InRelease                      
Get:6 https://packages.cloud.google.com/apt kubernetes-xenial/main amd64 Packages [63.2 kB]
Fetched 72.2 kB in 1s (104 kB/s)
Reading package lists... Done
Building dependency tree       
Reading state information... Done
7 packages can be upgraded. Run 'apt list --upgradable' to see them.
root@master:/etc/apt/sources.list.d# apt install -y kubeadm=1.20.1-00 kubelet=1.20.1-00 kubectl=1.20.1-00
Reading package lists... Done
Building dependency tree       
Reading state information... Done
The following packages were automatically installed and are no longer required:
  libatasmart4 libblockdev-fs2 libblockdev-loop2 libblockdev-part-err2 libblockdev-part2 libblockdev-swap2
  libblockdev-utils2 libblockdev2 libmbim-glib4 libmbim-proxy libmm-glib0 libnspr4 libnss3 libnuma1 libparted-fs-resize0
  libqmi-glib5 libqmi-proxy libudisks2-0 libxmlb2 usb-modeswitch usb-modeswitch-data
Use 'apt autoremove' to remove them.
The following additional packages will be installed:
  conntrack cri-tools ebtables kubernetes-cni socat
Suggested packages:
  nftables
The following NEW packages will be installed:
  conntrack cri-tools ebtables kubeadm kubectl kubelet kubernetes-cni socat
0 upgraded, 8 newly installed, 0 to remove and 7 not upgraded.
Need to get 81.5 MB of archives.
After this operation, 318 MB of additional disk space will be used.
Get:1 http://us-central1.gce.archive.ubuntu.com/ubuntu focal/main amd64 conntrack amd64 1:1.4.5-2 [30.3 kB]
Get:2 http://us-central1.gce.archive.ubuntu.com/ubuntu focal/main amd64 ebtables amd64 2.0.11-3build1 [80.3 kB]
Get:3 http://us-central1.gce.archive.ubuntu.com/ubuntu focal/main amd64 socat amd64 1.7.3.3-2 [323 kB]
Get:4 https://packages.cloud.google.com/apt kubernetes-xenial/main amd64 cri-tools amd64 1.26.0-00 [18.9 MB]
Get:5 https://packages.cloud.google.com/apt kubernetes-xenial/main amd64 kubernetes-cni amd64 1.2.0-00 [27.6 MB]
Get:6 https://packages.cloud.google.com/apt kubernetes-xenial/main amd64 kubelet amd64 1.20.1-00 [18.9 MB]
Get:7 https://packages.cloud.google.com/apt kubernetes-xenial/main amd64 kubectl amd64 1.20.1-00 [7948 kB]
Get:8 https://packages.cloud.google.com/apt kubernetes-xenial/main amd64 kubeadm amd64 1.20.1-00 [7708 kB]
Fetched 81.5 MB in 3s (29.0 MB/s)
Selecting previously unselected package conntrack.
(Reading database ... 62446 files and directories currently installed.)
Preparing to unpack .../0-conntrack_1%3a1.4.5-2_amd64.deb ...
Unpacking conntrack (1:1.4.5-2) ...
Selecting previously unselected package cri-tools.
Preparing to unpack .../1-cri-tools_1.26.0-00_amd64.deb ...
Unpacking cri-tools (1.26.0-00) ...
Selecting previously unselected package ebtables.
Preparing to unpack .../2-ebtables_2.0.11-3build1_amd64.deb ...
Unpacking ebtables (2.0.11-3build1) ...
Selecting previously unselected package kubernetes-cni.
Preparing to unpack .../3-kubernetes-cni_1.2.0-00_amd64.deb ...
Unpacking kubernetes-cni (1.2.0-00) ...
Selecting previously unselected package socat.
Preparing to unpack .../4-socat_1.7.3.3-2_amd64.deb ...
Unpacking socat (1.7.3.3-2) ...
Selecting previously unselected package kubelet.
Preparing to unpack .../5-kubelet_1.20.1-00_amd64.deb ...
Unpacking kubelet (1.20.1-00) ...
Selecting previously unselected package kubectl.
Preparing to unpack .../6-kubectl_1.20.1-00_amd64.deb ...
Unpacking kubectl (1.20.1-00) ...
Selecting previously unselected package kubeadm.
Preparing to unpack .../7-kubeadm_1.20.1-00_amd64.deb ...
Unpacking kubeadm (1.20.1-00) ...
Setting up conntrack (1:1.4.5-2) ...
Setting up kubectl (1.20.1-00) ...
Setting up ebtables (2.0.11-3build1) ...
Setting up socat (1.7.3.3-2) ...
Setting up cri-tools (1.26.0-00) ...
Setting up kubernetes-cni (1.2.0-00) ...
Setting up kubelet (1.20.1-00) ...
Created symlink /etc/systemd/system/multi-user.target.wants/kubelet.service ? /lib/systemd/system/kubelet.service.
Setting up kubeadm (1.20.1-00) ...
Processing triggers for man-db (2.9.1-1) ...
root@master:/etc/apt/sources.list.d# apt-mark hold kubelet kubeadm kubectl 
kubelet set on hold.
kubeadm set on hold.
kubectl set on hold.
root@master:/etc/apt/sources.list.d# cd /etc/systemd/system/kubelet.service.d
root@master:/etc/systemd/system/kubelet.service.d# vim 10-kubeadm.conf
root@master:/etc/systemd/system/kubelet.service.d# tail -n 1 10-kubeadm.conf 

root@master:/etc/systemd/system/kubelet.service.d# tail -n2 10-kubeadm.conf 
Environment="KUBELET_CGROUP_ARGS=--cgroup-driver=cgroupfs"

root@master:/etc/systemd/system/kubelet.service.d# cd
root@master:~# systemctl restart kubelet
Warning: The unit file, source configuration file or drop-ins of kubelet.service changed on disk. Run 'systemctl daemon-reload' to reload units.
root@master:~# systemctl daemon-reload
root@master:~# systemctl restart kubelet
root@master:~# kubeadm init 
I0121 03:38:40.910359    5344 version.go:251] remote version is much newer: v1.26.1; falling back to: stable-1.20
[init] Using Kubernetes version: v1.20.15
[preflight] Running pre-flight checks
        [WARNING IsDockerSystemdCheck]: detected "cgroupfs" as the Docker cgroup driver. The recommended driver is "systemd". Please follow the guide at https://kubernetes.io/docs/setup/cri/
        [WARNING SystemVerification]: this Docker version is not on the list of validated versions: 20.10.12. Latest validated version: 19.03
[preflight] Pulling images required for setting up a Kubernetes cluster
[preflight] This might take a minute or two, depending on the speed of your internet connection
[preflight] You can also perform this action in beforehand using 'kubeadm config images pull'
[certs] Using certificateDir folder "/etc/kubernetes/pki"
[certs] Generating "ca" certificate and key
[certs] Generating "apiserver" certificate and key
[certs] apiserver serving cert is signed for DNS names [kubernetes kubernetes.default kubernetes.default.svc kubernetes.default.svc.cluster.local master] and IPs [10.96.0.1 10.128.0.5]
[certs] Generating "apiserver-kubelet-client" certificate and key
[certs] Generating "front-proxy-ca" certificate and key
[certs] Generating "front-proxy-client" certificate and key
[certs] Generating "etcd/ca" certificate and key
[certs] Generating "etcd/server" certificate and key
[certs] etcd/server serving cert is signed for DNS names [localhost master] and IPs [10.128.0.5 127.0.0.1 ::1]
[certs] Generating "etcd/peer" certificate and key
[certs] etcd/peer serving cert is signed for DNS names [localhost master] and IPs [10.128.0.5 127.0.0.1 ::1]
[certs] Generating "etcd/healthcheck-client" certificate and key
[certs] Generating "apiserver-etcd-client" certificate and key
[certs] Generating "sa" key and public key
[kubeconfig] Using kubeconfig folder "/etc/kubernetes"
[kubeconfig] Writing "admin.conf" kubeconfig file
[kubeconfig] Writing "kubelet.conf" kubeconfig file
[kubeconfig] Writing "controller-manager.conf" kubeconfig file
[kubeconfig] Writing "scheduler.conf" kubeconfig file
[kubelet-start] Writing kubelet environment file with flags to file "/var/lib/kubelet/kubeadm-flags.env"
[kubelet-start] Writing kubelet configuration to file "/var/lib/kubelet/config.yaml"
[kubelet-start] Starting the kubelet
[control-plane] Using manifest folder "/etc/kubernetes/manifests"
[control-plane] Creating static Pod manifest for "kube-apiserver"
[control-plane] Creating static Pod manifest for "kube-controller-manager"
[control-plane] Creating static Pod manifest for "kube-scheduler"
[etcd] Creating static Pod manifest for local etcd in "/etc/kubernetes/manifests"
[wait-control-plane] Waiting for the kubelet to boot up the control plane as static Pods from directory "/etc/kubernetes/manifests". This can take up to 4m0s
[apiclient] All control plane components are healthy after 11.502802 seconds
[upload-config] Storing the configuration used in ConfigMap "kubeadm-config" in the "kube-system" Namespace
[kubelet] Creating a ConfigMap "kubelet-config-1.20" in namespace kube-system with the configuration for the kubelets in the cluster
[upload-certs] Skipping phase. Please see --upload-certs
[mark-control-plane] Marking the node master as control-plane by adding the labels "node-role.kubernetes.io/master=''" and "node-role.kubernetes.io/control-plane='' (deprecated)"
[mark-control-plane] Marking the node master as control-plane by adding the taints [node-role.kubernetes.io/master:NoSchedule]
[bootstrap-token] Using token: t0nxpl.x2qdvh7gpin18x53
[bootstrap-token] Configuring bootstrap tokens, cluster-info ConfigMap, RBAC Roles
[bootstrap-token] configured RBAC rules to allow Node Bootstrap tokens to get nodes
[bootstrap-token] configured RBAC rules to allow Node Bootstrap tokens to post CSRs in order for nodes to get long term certificate credentials
[bootstrap-token] configured RBAC rules to allow the csrapprover controller automatically approve CSRs from a Node Bootstrap Token
[bootstrap-token] configured RBAC rules to allow certificate rotation for all node client certificates in the cluster
[bootstrap-token] Creating the "cluster-info" ConfigMap in the "kube-public" namespace
[kubelet-finalize] Updating "/etc/kubernetes/kubelet.conf" to point to a rotatable kubelet client certificate and key
[addons] Applied essential addon: CoreDNS
[addons] Applied essential addon: kube-proxy

Your Kubernetes control-plane has initialized successfully!

To start using your cluster, you need to run the following as a regular user:

  mkdir -p $HOME/.kube
  sudo cp -i /etc/kubernetes/admin.conf $HOME/.kube/config
  sudo chown $(id -u):$(id -g) $HOME/.kube/config

Alternatively, if you are the root user, you can run:

  export KUBECONFIG=/etc/kubernetes/admin.conf

You should now deploy a pod network to the cluster.
Run "kubectl apply -f [podnetwork].yaml" with one of the options listed at:
  https://kubernetes.io/docs/concepts/cluster-administration/addons/

Then you can join any number of worker nodes by running the following on each as root:

kubeadm join 10.128.0.5:6443 --token t0nxpl.x2qdvh7gpin18x53 \
    --discovery-token-ca-cert-hash sha256:8e73722d77f4dfee8368dcfc5b9488aa1552d16b537d9be092212b557c65e690 
root@master:~# 
root@master:~# 
root@master:~# 
root@master:~# kubectl get node
The connection to the server localhost:8080 was refused - did you specify the right host or port?
root@master:~# 
root@master:~# cd /etc/kubernetes/
root@master:/etc/kubernetes# cd manifests/
root@master:/etc/kubernetes/manifests# cd
root@master:~# 
root@master:~# logout
va13982@master:~$ 
va13982@master:~$ kubectl get nodes
The connection to the server localhost:8080 was refused - did you specify the right host or port?
va13982@master:~$ sudo cp /etc/kubernetes/admin.conf $HOME
va13982@master:~$ pwd
/home/va13982
va13982@master:~$ sudo chown $(id -u):$(id -g) admin.conf 
va13982@master:~$ export KUBECONFIG=/home/ubuntu/admin.conf 
va13982@master:~$ echo 'export KUBECONFIG=/home/ubuntu/admin.conf' >> .bashrc
va13982@master:~$ source .bashrc
va13982@master:~$ 
va13982@master:~$ kubectl get nodes
W0121 03:44:26.479087    8471 loader.go:223] Config not found: /home/ubuntu/admin.conf
The connection to the server localhost:8080 was refused - did you specify the right host or port?
va13982@master:~$ ls
admin.conf
va13982@master:~$ export KUBECONFIG=/home/va13982/admin.conf 
va13982@master:~$ echo 'export KUBECONFIG=/home/va13982/admin.conf' >> .bashrc
va13982@master:~$ source .bashrc
va13982@master:~$ kubectl get nodes
NAME       STATUS     ROLES                  AGE     VERSION
master     NotReady   control-plane,master   7m13s   v1.20.1
worker-1   NotReady   <none>                 5m43s   v1.20.1
va13982@master:~$ 
va13982@master:~$ history 
    1  sudo su -
    2  kubectl get nodes
    3  sudo cp /etc/kubernetes/admin.conf $HOME
    4  pwd
    5  sudo chown $(id -u):$(id -g) admin.conf 
    6  export KUBECONFIG=/home/ubuntu/admin.conf 
    7  echo 'export KUBECONFIG=/home/ubuntu/admin.conf' >> .bashrc
    8  source .bashrc
    9  kubectl get nodes
   10  ls
   11  export KUBECONFIG=/home/va13982/admin.conf 
   12  echo 'export KUBECONFIG=/home/va13982/admin.conf' >> .bashrc
   13  source .bashrc
   14  kubectl get nodes
   15  history 
va13982@master:~$













Worker Setup
~~~~~~~~~~~~~

root@worker-1:~# apt-get update
Hit:1 http://us-central1.gce.archive.ubuntu.com/ubuntu focal InRelease
Get:2 http://us-central1.gce.archive.ubuntu.com/ubuntu focal-updates InRelease [114 kB]
Get:3 http://us-central1.gce.archive.ubuntu.com/ubuntu focal-backports InRelease [108 kB]
Get:4 http://us-central1.gce.archive.ubuntu.com/ubuntu focal/universe amd64 Packages [8628 kB]
Get:5 http://security.ubuntu.com/ubuntu focal-security InRelease [114 kB]
Get:6 http://us-central1.gce.archive.ubuntu.com/ubuntu focal/universe Translation-en [5124 kB]
Get:7 http://us-central1.gce.archive.ubuntu.com/ubuntu focal/universe amd64 c-n-f Metadata [265 kB]
Get:8 http://us-central1.gce.archive.ubuntu.com/ubuntu focal/multiverse amd64 Packages [144 kB]
Get:9 http://us-central1.gce.archive.ubuntu.com/ubuntu focal/multiverse Translation-en [104 kB]
Get:10 http://us-central1.gce.archive.ubuntu.com/ubuntu focal/multiverse amd64 c-n-f Metadata [9136 B]
Get:11 http://us-central1.gce.archive.ubuntu.com/ubuntu focal-updates/main amd64 Packages [2335 kB]
Get:12 http://us-central1.gce.archive.ubuntu.com/ubuntu focal-updates/main Translation-en [403 kB]
Get:13 http://us-central1.gce.archive.ubuntu.com/ubuntu focal-updates/main amd64 c-n-f Metadata [16.2 kB]
Get:14 http://us-central1.gce.archive.ubuntu.com/ubuntu focal-updates/restricted amd64 Packages [1564 kB]
Get:15 http://us-central1.gce.archive.ubuntu.com/ubuntu focal-updates/restricted Translation-en [220 kB]
Get:16 http://us-central1.gce.archive.ubuntu.com/ubuntu focal-updates/restricted amd64 c-n-f Metadata [620 B]
Get:17 http://us-central1.gce.archive.ubuntu.com/ubuntu focal-updates/universe amd64 Packages [1016 kB]
Get:18 http://us-central1.gce.archive.ubuntu.com/ubuntu focal-updates/universe Translation-en [236 kB]
Get:19 http://us-central1.gce.archive.ubuntu.com/ubuntu focal-updates/universe amd64 c-n-f Metadata [23.2 kB]
Get:20 http://us-central1.gce.archive.ubuntu.com/ubuntu focal-updates/multiverse amd64 Packages [25.2 kB]
Get:21 http://us-central1.gce.archive.ubuntu.com/ubuntu focal-updates/multiverse Translation-en [7408 B]
Get:22 http://us-central1.gce.archive.ubuntu.com/ubuntu focal-updates/multiverse amd64 c-n-f Metadata [604 B]
Get:23 http://us-central1.gce.archive.ubuntu.com/ubuntu focal-backports/main amd64 Packages [45.7 kB]
Get:24 http://us-central1.gce.archive.ubuntu.com/ubuntu focal-backports/main Translation-en [16.3 kB]
Get:25 http://us-central1.gce.archive.ubuntu.com/ubuntu focal-backports/main amd64 c-n-f Metadata [1420 B]
Get:26 http://us-central1.gce.archive.ubuntu.com/ubuntu focal-backports/restricted amd64 c-n-f Metadata [116 B]
Get:27 http://us-central1.gce.archive.ubuntu.com/ubuntu focal-backports/universe amd64 Packages [24.9 kB]
Get:28 http://us-central1.gce.archive.ubuntu.com/ubuntu focal-backports/universe Translation-en [16.3 kB]
Get:29 http://us-central1.gce.archive.ubuntu.com/ubuntu focal-backports/universe amd64 c-n-f Metadata [880 B]
Get:30 http://us-central1.gce.archive.ubuntu.com/ubuntu focal-backports/multiverse amd64 c-n-f Metadata [116 B]
Get:31 http://security.ubuntu.com/ubuntu focal-security/main amd64 Packages [1959 kB]
root@worker-1:~# apt install docker.io -y ; apt install apt-transport-https -y ; curl -s https://packages.cloud.google.com/apt/doc/apt-key.gpg | apt-key add - 
Reading package lists... Done
Building dependency tree       
Reading state information... Done
The following packages were automatically installed and are no longer required:
  libatasmart4 libblockdev-fs2 libblockdev-loop2 libblockdev-part-err2 libblockdev-part2 libblockdev-swap2 libblockdev-utils2 libblockdev2 libmbim-glib4
  libmbim-proxy libmm-glib0 libnspr4 libnss3 libnuma1 libparted-fs-resize0 libqmi-glib5 libqmi-proxy libudisks2-0 libxmlb2 usb-modeswitch usb-modeswitch-data
Use 'apt autoremove' to remove them.
The following additional packages will be installed:
  bridge-utils containerd dns-root-data dnsmasq-base libidn11 pigz runc ubuntu-fan
Suggested packages:
  ifupdown aufs-tools cgroupfs-mount | cgroup-lite debootstrap docker-doc rinse zfs-fuse | zfsutils
The following NEW packages will be installed:
  bridge-utils containerd dns-root-data dnsmasq-base docker.io libidn11 pigz runc ubuntu-fan
0 upgraded, 9 newly installed, 0 to remove and 7 not upgraded.
Need to get 69.2 MB of archives.
After this operation, 334 MB of additional disk space will be used.
Get:1 http://us-central1.gce.archive.ubuntu.com/ubuntu focal/universe amd64 pigz amd64 2.4-1 [57.4 kB]
Get:2 http://us-central1.gce.archive.ubuntu.com/ubuntu focal/main amd64 bridge-utils amd64 1.6-2ubuntu1 [30.5 kB]
Get:3 http://us-central1.gce.archive.ubuntu.com/ubuntu focal-updates/main amd64 runc amd64 1.1.0-0ubuntu1~20.04.2 [3894 kB]
Get:4 http://us-central1.gce.archive.ubuntu.com/ubuntu focal-updates/main amd64 containerd amd64 1.5.9-0ubuntu1~20.04.6 [33.0 MB]
Get:5 http://us-central1.gce.archive.ubuntu.com/ubuntu focal/main amd64 dns-root-data all 2019052802 [5300 B]
Get:6 http://us-central1.gce.archive.ubuntu.com/ubuntu focal/main amd64 libidn11 amd64 1.33-2.2ubuntu2 [46.2 kB]
Get:7 http://us-central1.gce.archive.ubuntu.com/ubuntu focal-updates/main amd64 dnsmasq-base amd64 2.80-1.1ubuntu1.6 [315 kB]
Get:8 http://us-central1.gce.archive.ubuntu.com/ubuntu focal-updates/universe amd64 docker.io amd64 20.10.12-0ubuntu2~20.04.1 [31.8 MB]
Get:9 http://us-central1.gce.archive.ubuntu.com/ubuntu focal-updates/main amd64 ubuntu-fan all 0.12.13ubuntu0.1 [34.4 kB]
Fetched 69.2 MB in 2s (43.9 MB/s)
Preconfiguring packages ...
Selecting previously unselected package pigz.
(Reading database ... 62091 files and directories currently installed.)
Preparing to unpack .../0-pigz_2.4-1_amd64.deb ...
Unpacking pigz (2.4-1) ...
Selecting previously unselected package bridge-utils.
Preparing to unpack .../1-bridge-utils_1.6-2ubuntu1_amd64.deb ...
Unpacking bridge-utils (1.6-2ubuntu1) ...
Selecting previously unselected package runc.
Preparing to unpack .../2-runc_1.1.0-0ubuntu1~20.04.2_amd64.deb ...
Unpacking runc (1.1.0-0ubuntu1~20.04.2) ...
Selecting previously unselected package containerd.
Preparing to unpack .../3-containerd_1.5.9-0ubuntu1~20.04.6_amd64.deb ...
Unpacking containerd (1.5.9-0ubuntu1~20.04.6) ...
Selecting previously unselected package dns-root-data.
Preparing to unpack .../4-dns-root-data_2019052802_all.deb ...
Unpacking dns-root-data (2019052802) ...
Selecting previously unselected package libidn11:amd64.
Preparing to unpack .../5-libidn11_1.33-2.2ubuntu2_amd64.deb ...
Unpacking libidn11:amd64 (1.33-2.2ubuntu2) ...
Selecting previously unselected package dnsmasq-base.
Preparing to unpack .../6-dnsmasq-base_2.80-1.1ubuntu1.6_amd64.deb ...
Unpacking dnsmasq-base (2.80-1.1ubuntu1.6) ...
Selecting previously unselected package docker.io.
Preparing to unpack .../7-docker.io_20.10.12-0ubuntu2~20.04.1_amd64.deb ...
Unpacking docker.io (20.10.12-0ubuntu2~20.04.1) ...
Selecting previously unselected package ubuntu-fan.
Preparing to unpack .../8-ubuntu-fan_0.12.13ubuntu0.1_all.deb ...
Unpacking ubuntu-fan (0.12.13ubuntu0.1) ...
Setting up runc (1.1.0-0ubuntu1~20.04.2) ...
Setting up dns-root-data (2019052802) ...
Setting up libidn11:amd64 (1.33-2.2ubuntu2) ...
Setting up bridge-utils (1.6-2ubuntu1) ...
Setting up pigz (2.4-1) ...
Setting up containerd (1.5.9-0ubuntu1~20.04.6) ...
Created symlink /etc/systemd/system/multi-user.target.wants/containerd.service ? /lib/systemd/system/containerd.service.
Setting up docker.io (20.10.12-0ubuntu2~20.04.1) ...
Adding group `docker' (GID 121) ...
Done.
Created symlink /etc/systemd/system/multi-user.target.wants/docker.service ? /lib/systemd/system/docker.service.
Created symlink /etc/systemd/system/sockets.target.wants/docker.socket ? /lib/systemd/system/docker.socket.
Setting up dnsmasq-base (2.80-1.1ubuntu1.6) ...
Setting up ubuntu-fan (0.12.13ubuntu0.1) ...
Created symlink /etc/systemd/system/multi-user.target.wants/ubuntu-fan.service ? /lib/systemd/system/ubuntu-fan.service.
Processing triggers for systemd (245.4-4ubuntu3.19) ...
Processing triggers for man-db (2.9.1-1) ...
Processing triggers for dbus (1.12.16-2ubuntu2.3) ...
Processing triggers for libc-bin (2.31-0ubuntu9.9) ...
Reading package lists... Done
Building dependency tree       
Reading state information... Done
The following packages were automatically installed and are no longer required:
  libatasmart4 libblockdev-fs2 libblockdev-loop2 libblockdev-part-err2 libblockdev-part2 libblockdev-swap2 libblockdev-utils2 libblockdev2 libmbim-glib4
  libmbim-proxy libmm-glib0 libnspr4 libnss3 libnuma1 libparted-fs-resize0 libqmi-glib5 libqmi-proxy libudisks2-0 libxmlb2 usb-modeswitch usb-modeswitch-data
Use 'apt autoremove' to remove them.
The following NEW packages will be installed:
  apt-transport-https
0 upgraded, 1 newly installed, 0 to remove and 7 not upgraded.
Need to get 1704 B of archives.
After this operation, 162 kB of additional disk space will be used.
Get:1 http://us-central1.gce.archive.ubuntu.com/ubuntu focal-updates/universe amd64 apt-transport-https all 2.0.9 [1704 B]
Fetched 1704 B in 0s (111 kB/s)         
Selecting previously unselected package apt-transport-https.
(Reading database ... 62446 files and directories currently installed.)
Preparing to unpack .../apt-transport-https_2.0.9_all.deb ...
Unpacking apt-transport-https (2.0.9) ...
Setting up apt-transport-https (2.0.9) ...
OK
root@worker-1:~# cd /etc/apt/sources.list.d/
root@worker-1:/etc/apt/sources.list.d# cat > kubernetes.list
deb https://apt.kubernetes.io/ kubernetes-xenial main
root@worker-1:/etc/apt/sources.list.d# apt update
Hit:2 http://us-central1.gce.archive.ubuntu.com/ubuntu focal InRelease
Hit:3 http://us-central1.gce.archive.ubuntu.com/ubuntu focal-updates InRelease                   
Hit:4 http://us-central1.gce.archive.ubuntu.com/ubuntu focal-backports InRelease                 
Get:1 https://packages.cloud.google.com/apt kubernetes-xenial InRelease [8993 B]                 
Hit:5 http://security.ubuntu.com/ubuntu focal-security InRelease           
Get:6 https://packages.cloud.google.com/apt kubernetes-xenial/main amd64 Packages [63.2 kB]
Fetched 72.2 kB in 1s (100 kB/s)
Reading package lists... Done
Building dependency tree       
Reading state information... Done
7 packages can be upgraded. Run 'apt list --upgradable' to see them.
root@worker-1:/etc/apt/sources.list.d# apt install -y kubeadm=1.20.1-00 kubelet=1.20.1-00
Reading package lists... Done
Building dependency tree       
Reading state information... Done
The following packages were automatically installed and are no longer required:
  libatasmart4 libblockdev-fs2 libblockdev-loop2 libblockdev-part-err2 libblockdev-part2 libblockdev-swap2 libblockdev-utils2 libblockdev2 libmbim-glib4
  libmbim-proxy libmm-glib0 libnspr4 libnss3 libnuma1 libparted-fs-resize0 libqmi-glib5 libqmi-proxy libudisks2-0 libxmlb2 usb-modeswitch usb-modeswitch-data
Use 'apt autoremove' to remove them.
The following additional packages will be installed:
  conntrack cri-tools ebtables kubectl kubernetes-cni socat
Suggested packages:
  nftables
The following NEW packages will be installed:
  conntrack cri-tools ebtables kubeadm kubectl kubelet kubernetes-cni socat
0 upgraded, 8 newly installed, 0 to remove and 7 not upgraded.
Need to get 83.6 MB of archives.
After this operation, 326 MB of additional disk space will be used.
Get:1 http://us-central1.gce.archive.ubuntu.com/ubuntu focal/main amd64 conntrack amd64 1:1.4.5-2 [30.3 kB]
Get:2 http://us-central1.gce.archive.ubuntu.com/ubuntu focal/main amd64 ebtables amd64 2.0.11-3build1 [80.3 kB]
Get:3 http://us-central1.gce.archive.ubuntu.com/ubuntu focal/main amd64 socat amd64 1.7.3.3-2 [323 kB]
Get:4 https://packages.cloud.google.com/apt kubernetes-xenial/main amd64 cri-tools amd64 1.26.0-00 [18.9 MB]
Get:5 https://packages.cloud.google.com/apt kubernetes-xenial/main amd64 kubernetes-cni amd64 1.2.0-00 [27.6 MB]
Get:6 https://packages.cloud.google.com/apt kubernetes-xenial/main amd64 kubelet amd64 1.20.1-00 [18.9 MB]
Get:7 https://packages.cloud.google.com/apt kubernetes-xenial/main amd64 kubectl amd64 1.26.1-00 [10.1 MB]
Get:8 https://packages.cloud.google.com/apt kubernetes-xenial/main amd64 kubeadm amd64 1.20.1-00 [7708 kB]
Fetched 83.6 MB in 2s (34.2 MB/s)
Selecting previously unselected package conntrack.
(Reading database ... 62450 files and directories currently installed.)
Preparing to unpack .../0-conntrack_1%3a1.4.5-2_amd64.deb ...
Unpacking conntrack (1:1.4.5-2) ...
Selecting previously unselected package cri-tools.
Preparing to unpack .../1-cri-tools_1.26.0-00_amd64.deb ...
Unpacking cri-tools (1.26.0-00) ...
Selecting previously unselected package ebtables.
Preparing to unpack .../2-ebtables_2.0.11-3build1_amd64.deb ...
Unpacking ebtables (2.0.11-3build1) ...
Selecting previously unselected package kubernetes-cni.
Preparing to unpack .../3-kubernetes-cni_1.2.0-00_amd64.deb ...
Unpacking kubernetes-cni (1.2.0-00) ...
Selecting previously unselected package socat.
Preparing to unpack .../4-socat_1.7.3.3-2_amd64.deb ...
Unpacking socat (1.7.3.3-2) ...
Selecting previously unselected package kubelet.
Preparing to unpack .../5-kubelet_1.20.1-00_amd64.deb ...
Unpacking kubelet (1.20.1-00) ...
Selecting previously unselected package kubectl.
Preparing to unpack .../6-kubectl_1.26.1-00_amd64.deb ...
Unpacking kubectl (1.26.1-00) ...
Selecting previously unselected package kubeadm.
Preparing to unpack .../7-kubeadm_1.20.1-00_amd64.deb ...
Unpacking kubeadm (1.20.1-00) ...
Setting up conntrack (1:1.4.5-2) ...
Setting up kubectl (1.26.1-00) ...
Setting up ebtables (2.0.11-3build1) ...
Setting up socat (1.7.3.3-2) ...
Setting up cri-tools (1.26.0-00) ...
Setting up kubernetes-cni (1.2.0-00) ...
Setting up kubelet (1.20.1-00) ...
Created symlink /etc/systemd/system/multi-user.target.wants/kubelet.service ? /lib/systemd/system/kubelet.service.
Setting up kubeadm (1.20.1-00) ...
Processing triggers for man-db (2.9.1-1) ...
root@worker-1:/etc/apt/sources.list.d# apt-mark hold kubelet kubeadm
kubelet set on hold.
kubeadm set on hold.
root@worker-1:/etc/apt/sources.list.d# systemctl restart kubelet 
root@worker-1:/etc/apt/sources.list.d# kubeadm join 10.128.0.5:6443 --token t0nxpl.x2qdvh7gpin18x53 \
>     --discovery-token-ca-cert-hash sha256:8e73722d77f4dfee8368dcfc5b9488aa1552d16b537d9be092212b557c65e690
[preflight] Running pre-flight checks
        [WARNING IsDockerSystemdCheck]: detected "cgroupfs" as the Docker cgroup driver. The recommended driver is "systemd". Please follow the guide at https://kubernetes.io/docs/setup/cri/
        [WARNING SystemVerification]: this Docker version is not on the list of validated versions: 20.10.12. Latest validated version: 19.03
[preflight] Reading configuration from the cluster...
[preflight] FYI: You can look at this config file with 'kubectl -n kube-system get cm kubeadm-config -o yaml'
[kubelet-start] Writing kubelet configuration to file "/var/lib/kubelet/config.yaml"
[kubelet-start] Writing kubelet environment file with flags to file "/var/lib/kubelet/kubeadm-flags.env"
[kubelet-start] Starting the kubelet
[kubelet-start] Waiting for the kubelet to perform the TLS Bootstrap...

This node has joined the cluster:
* Certificate signing request was sent to apiserver and a response was received.
* The Kubelet was informed of the new secure connection details.

Run 'kubectl get nodes' on the control-plane to see this node join the cluster.

root@worker-1:/etc/apt/sources.list.d# 
